Profile core: 379/438 tests; extra groups=[]
test_adversarial_family_exposes_greedy_gap (test_algorithms.AlgorithmTests.test_adversarial_family_exposes_greedy_gap) ... ok
test_exact_methods_agree_on_many_seeded_instances (test_algorithms.AlgorithmTests.test_exact_methods_agree_on_many_seeded_instances) ... ok
test_exact_timeout_preserves_a_feasible_incumbent (test_algorithms.AlgorithmTests.test_exact_timeout_preserves_a_feasible_incumbent) ... ok
test_known_instance_optimum (test_algorithms.AlgorithmTests.test_known_instance_optimum) ... ok
test_local_search_never_reduces_greedy_value (test_algorithms.AlgorithmTests.test_local_search_never_reduces_greedy_value) ... ok
test_selected_sets_respect_budget (test_algorithms.AlgorithmTests.test_selected_sets_respect_budget) ... ok
test_only_optimal_status_supplies_reference_optimum (test_benchmark.BenchmarkTests.test_only_optimal_status_supplies_reference_optimum) ... ok
test_smoke_run_writes_all_artifacts (test_benchmark.BenchmarkTests.test_smoke_run_writes_all_artifacts) ... ok
test_benchmark_plan_field_order_defaults_and_immutability_are_frozen (test_benchmark_compatibility.BenchmarkCompatibilityTests.test_benchmark_plan_field_order_defaults_and_immutability_are_frozen) ... ok
test_public_callable_names_and_signatures_are_frozen (test_benchmark_compatibility.BenchmarkCompatibilityTests.test_public_callable_names_and_signatures_are_frozen) ... ok
test_recorded_facade_symbols_remain_directly_importable (test_benchmark_compatibility.BenchmarkCompatibilityTests.test_recorded_facade_symbols_remain_directly_importable) ... ok
test_runner_owned_and_report_filename_order_is_frozen (test_benchmark_compatibility.BenchmarkCompatibilityTests.test_runner_owned_and_report_filename_order_is_frozen) ... ok
test_saved_plan_pickles_load_with_public_identity_in_a_new_interpreter (test_benchmark_compatibility.BenchmarkCompatibilityTests.test_saved_plan_pickles_load_with_public_identity_in_a_new_interpreter) ... ok
test_changed_configuration_hash_is_rejected_before_execution_or_output (test_benchmark_compatibility.BenchmarkExecutionSeamTests.test_changed_configuration_hash_is_rejected_before_execution_or_output) ... ok
test_invalid_execution_options_are_rejected_before_loading_or_output (test_benchmark_compatibility.BenchmarkExecutionSeamTests.test_invalid_execution_options_are_rejected_before_loading_or_output) ... ok
test_parallel_dispatch_uses_the_facade_execution_hook (test_benchmark_compatibility.BenchmarkExecutionSeamTests.test_parallel_dispatch_uses_the_facade_execution_hook) ... ok
test_serial_runner_uses_the_facade_execute_task_attribute (test_benchmark_compatibility.BenchmarkExecutionSeamTests.test_serial_runner_uses_the_facade_execute_task_attribute) ... ok
test_facade_aliases_remain_correct (test_benchmark_modules.BenchmarkModuleTests.test_facade_aliases_remain_correct) ... ok
test_internal_modules_do_not_import_the_facade (test_benchmark_modules.BenchmarkModuleTests.test_internal_modules_do_not_import_the_facade) ... ok
test_old_planning_pickles_load_in_a_new_interpreter (test_benchmark_modules.BenchmarkModuleTests.test_old_planning_pickles_load_in_a_new_interpreter) ... ok
test_smoke_workflow_writes_distributions_charts_and_paired_table (test_cartography.CartographyTests.test_smoke_workflow_writes_distributions_charts_and_paired_table) ... ok
test_class_skip_method_skip_and_expected_failure_are_not_success (test_check_profiles.CheckProfilesTests.test_class_skip_method_skip_and_expected_failure_are_not_success) ... Required verification did not succeed: ['test_check_profiles.CheckProfilesTests.test_class_skip_method_skip_and_expected_failure_are_not_success.<locals>.ClassSkip.test_required']
Required verification did not succeed: ['test_check_profiles.CheckProfilesTests.test_class_skip_method_skip_and_expected_failure_are_not_success.<locals>.MethodSkip.test_required']
Required verification did not succeed: ['test_check_profiles.CheckProfilesTests.test_class_skip_method_skip_and_expected_failure_are_not_success.<locals>.ExpectedFailure.test_required']
ok
test_dependency_fallback_and_changed_extension (test_check_profiles.CheckProfilesTests.test_dependency_fallback_and_changed_extension) ... ok
test_full_retains_every_case_and_affected_groups_promote_extensions (test_check_profiles.CheckProfilesTests.test_full_retains_every_case_and_affected_groups_promote_extensions) ... ok
test_missing_ci_event_falls_back_to_every_extension (test_check_profiles.CheckProfilesTests.test_missing_ci_event_falls_back_to_every_extension) ... ok
test_missing_research_registration_and_missing_tests_fail (test_check_profiles.CheckProfilesTests.test_missing_research_registration_and_missing_tests_fail) ... ok
test_new_research_tests_enter_core_without_allowlisting (test_check_profiles.CheckProfilesTests.test_new_research_tests_enter_core_without_allowlisting) ... ok
test_optional_targets_cannot_disappear (test_check_profiles.CheckProfilesTests.test_optional_targets_cannot_disappear) ... ok
test_cli_writes_docs_and_output_failures_are_real_failures (test_ci_routing.GitRoutingTests.test_cli_writes_docs_and_output_failures_are_real_failures) ... ok
test_complete_pr_includes_earlier_code_commit (test_ci_routing.GitRoutingTests.test_complete_pr_includes_earlier_code_commit) ... ok
test_final_writer_accepts_only_exact_lowercase_strings (test_ci_routing.OutputTests.test_final_writer_accepts_only_exact_lowercase_strings) ... ok
test_main_never_bypasses_writer_for_unknown_classifier_result (test_ci_routing.OutputTests.test_main_never_bypasses_writer_for_unknown_classifier_result) ... ok
test_document_additions_deletions_and_executable_additions (test_ci_routing.RawDiffTests.test_document_additions_deletions_and_executable_additions) ... ok
test_incomplete_or_malformed_raw_output_is_full (test_ci_routing.RawDiffTests.test_incomplete_or_malformed_raw_output_is_full) ... ok
test_narrow_document_allowlist_and_nul_names (test_ci_routing.RawDiffTests.test_narrow_document_allowlist_and_nul_names) ... ok
test_other_paths_and_mixed_changes_are_full (test_ci_routing.RawDiffTests.test_other_paths_and_mixed_changes_are_full) ... ok
test_special_modes_and_unknown_statuses_are_full (test_ci_routing.RawDiffTests.test_special_modes_and_unknown_statuses_are_full) ... ok
test_subcommand_help_covers_every_accepted_parameter (test_cli.HelpConsistencyTests.test_subcommand_help_covers_every_accepted_parameter) ... ok
test_top_level_help_lists_every_command_and_default (test_cli.HelpConsistencyTests.test_top_level_help_lists_every_command_and_default) ... ok
test_configuration_error_returns_one (test_cli.ProcessExitCodeTests.test_configuration_error_returns_one) ... ok
test_malformed_checkpoint_csv_returns_one_without_traceback (test_cli.ProcessExitCodeTests.test_malformed_checkpoint_csv_returns_one_without_traceback) ... ok
test_missing_required_argument_returns_two (test_cli.ProcessExitCodeTests.test_missing_required_argument_returns_two) ... ok
test_replay_mismatch_returns_one (test_cli.ProcessExitCodeTests.test_replay_mismatch_returns_one) ... ok
test_resume_missing_config_returns_one (test_cli.ProcessExitCodeTests.test_resume_missing_config_returns_one) ... ok
test_success_returns_zero (test_cli.ProcessExitCodeTests.test_success_returns_zero) ... ok
test_incomplete_checkpoint_is_rejected_before_algorithm_execution (test_cli.SummarizeCommandTests.test_incomplete_checkpoint_is_rejected_before_algorithm_execution) ... ok
test_rebuilds_derived_artifacts_without_running_algorithms (test_cli.SummarizeCommandTests.test_rebuilds_derived_artifacts_without_running_algorithms) ... ok
test_invalid_config_returns_nonzero_without_a_traceback (test_cli.ValidateConfigCommandTests.test_invalid_config_returns_nonzero_without_a_traceback) ... ok
test_valid_config_is_preflighted_without_running_algorithms (test_cli.ValidateConfigCommandTests.test_valid_config_is_preflighted_without_running_algorithms) ... ok
test_config_to_summary_checkpoint_lifecycle (test_cli_e2e.CliEndToEndTests.test_config_to_summary_checkpoint_lifecycle) ... ok
test_algorithm_names_must_be_registered_and_unique (test_config.ConfigurationTests.test_algorithm_names_must_be_registered_and_unique) ... ok
test_algorithm_specific_unsupported_options_are_rejected (test_config.ConfigurationTests.test_algorithm_specific_unsupported_options_are_rejected) ... ok
test_all_algorithms_cannot_be_disabled (test_config.ConfigurationTests.test_all_algorithms_cannot_be_disabled) ... ok
test_bundled_schema_v1_configs_are_migrated_with_one_warning (test_config.ConfigurationTests.test_bundled_schema_v1_configs_are_migrated_with_one_warning) ... ok
test_case_names_must_be_present_and_unique (test_config.ConfigurationTests.test_case_names_must_be_present_and_unique) ... ok
test_enabled_flag_and_eligibility_condition_control_execution (test_config.ConfigurationTests.test_enabled_flag_and_eligibility_condition_control_execution) ... ok
test_every_generator_family_is_semantically_preflighted (test_config.ConfigurationTests.test_every_generator_family_is_semantically_preflighted) ... ok
test_generator_shape_errors_report_parameter_paths (test_config.ConfigurationTests.test_generator_shape_errors_report_parameter_paths) ... ok
test_invalid_config_fails_before_output_or_algorithm_execution (test_config.ConfigurationTests.test_invalid_config_fails_before_output_or_algorithm_execution) ... ok
test_invalid_json_reports_root_location (test_config.ConfigurationTests.test_invalid_json_reports_root_location) ... ok
test_missing_schema_version_uses_defaults_without_mutating_input (test_config.ConfigurationTests.test_missing_schema_version_uses_defaults_without_mutating_input) ... ok
test_required_fields_and_json_shape_report_paths (test_config.ConfigurationTests.test_required_fields_and_json_shape_report_paths) ... ok
test_root_errors_are_aggregated_with_stable_paths (test_config.ConfigurationTests.test_root_errors_are_aggregated_with_stable_paths) ... ok
test_unsupported_schema_and_non_finite_json_number_are_rejected (test_config.ConfigurationTests.test_unsupported_schema_and_non_finite_json_number_are_rejected) ... ok
test_v1_and_v2_produce_equivalent_normalized_config_and_results (test_config.ConfigurationTests.test_v1_and_v2_produce_equivalent_normalized_config_and_results) ... ok
test_v1_controls_are_converted_to_per_algorithm_options (test_config.ConfigurationTests.test_v1_controls_are_converted_to_per_algorithm_options) ... ok
test_v2_loads_without_warning_and_rejects_legacy_top_level_controls (test_config.ConfigurationTests.test_v2_loads_without_warning_and_rejects_legacy_top_level_controls) ... ok
test_v2_supports_independent_exact_options (test_config.ConfigurationTests.test_v2_supports_independent_exact_options) ... ok
test_every_registered_algorithm_uses_common_interface (test_contracts.AlgorithmContractTests.test_every_registered_algorithm_uses_common_interface) ... ok
test_invalid_common_options_are_rejected (test_contracts.AlgorithmContractTests.test_invalid_common_options_are_rejected) ... ok
test_option_values_include_only_supported_adopted_fields (test_contracts.AlgorithmContractTests.test_option_values_include_only_supported_adopted_fields) ... ok
test_registry_declares_and_enforces_supported_options (test_contracts.AlgorithmContractTests.test_registry_declares_and_enforces_supported_options) ... ok
test_registry_metadata_translates_legacy_config (test_contracts.AlgorithmContractTests.test_registry_metadata_translates_legacy_config) ... ok
test_result_contract_detects_algorithm_name_mismatch (test_contracts.AlgorithmContractTests.test_result_contract_detects_algorithm_name_mismatch) ... ok
test_result_contract_rejects_status_incompatible_with_registry (test_contracts.AlgorithmContractTests.test_result_contract_rejects_status_incompatible_with_registry) ... ok
test_baseline_pickle_successes_do_not_regress (test_contracts_compatibility.ContractsCompatibilityTests.test_baseline_pickle_successes_do_not_regress) ... ok
test_csv_headers_schema_column_and_class_modules_are_frozen (test_contracts_compatibility.ContractsCompatibilityTests.test_csv_headers_schema_column_and_class_modules_are_frozen) ... ok
test_migrated_dataclasses_remain_frozen_and_slotted (test_contracts_compatibility.ContractsCompatibilityTests.test_migrated_dataclasses_remain_frozen_and_slotted) ... ok
test_package_root_export_order_and_identity_are_frozen (test_contracts_compatibility.ContractsCompatibilityTests.test_package_root_export_order_and_identity_are_frozen) ... ok
test_public_record_api_preserves_csv_helper_errors (test_contracts_compatibility.ContractsCompatibilityTests.test_public_record_api_preserves_csv_helper_errors) ... ok
test_record_pickles_load_in_a_fresh_spawn_process (test_contracts_compatibility.ContractsCompatibilityTests.test_record_pickles_load_in_a_fresh_spawn_process) ... ok
test_supported_exports_and_star_import_surface_are_exact (test_contracts_compatibility.ContractsCompatibilityTests.test_supported_exports_and_star_import_surface_are_exact) ... ok
test_controlled_families_persist_through_the_benchmark_record_path (test_controlled_stressors.ControlledAuditIntegrationTests.test_controlled_families_persist_through_the_benchmark_record_path) ... ok
test_controlled_sweep_levels_share_one_coupling_stream (test_controlled_stressors.ControlledAuditIntegrationTests.test_controlled_sweep_levels_share_one_coupling_stream) ... ok
test_default_controlled_audit_passes_every_scan (test_controlled_stressors.ControlledAuditIntegrationTests.test_default_controlled_audit_passes_every_scan) ... ok
test_legacy_configs_remain_explicitly_confounded (test_controlled_stressors.ControlledAuditIntegrationTests.test_legacy_configs_remain_explicitly_confounded) ... ok
test_adversarial_holds_incidence_bait_certificate_and_dominance (test_controlled_stressors.ControlledGeneratorInvariantTests.test_adversarial_holds_incidence_bait_certificate_and_dominance) ... ok
test_clustered_holds_dimensions_and_incidence_while_separation_increases (test_controlled_stressors.ControlledGeneratorInvariantTests.test_clustered_holds_dimensions_and_incidence_while_separation_increases) ... ok
test_controlled_shape_and_capacity_errors_are_explicit (test_controlled_stressors.ControlledGeneratorInvariantTests.test_controlled_shape_and_capacity_errors_are_explicit) ... ok
test_dominated_holds_dimensions_and_incidence_while_ratio_increases (test_controlled_stressors.ControlledGeneratorInvariantTests.test_dominated_holds_dimensions_and_incidence_while_ratio_increases) ... ok
test_duplicate_holds_dimensions_and_incidence_while_ratio_increases (test_controlled_stressors.ControlledGeneratorInvariantTests.test_duplicate_holds_dimensions_and_incidence_while_ratio_increases) ... ok
test_overlap_holds_dimensions_and_incidence_while_target_increases (test_controlled_stressors.ControlledGeneratorInvariantTests.test_overlap_holds_dimensions_and_incidence_while_target_increases) ... ok
test_small_controlled_adversarial_certificate_matches_exact_search (test_controlled_stressors.ControlledGeneratorInvariantTests.test_small_controlled_adversarial_certificate_matches_exact_search) ... ok
test_a_different_design_is_rejected_even_with_matching_hashes (test_core_overlap_pilot.PilotInputTest.test_a_different_design_is_rejected_even_with_matching_hashes) ... ok
test_algorithm_identity_options_and_absence_of_seed_are_enforced (test_core_overlap_pilot.PilotInputTest.test_algorithm_identity_options_and_absence_of_seed_are_enforced) ... ok
test_cli_creates_no_output_when_selection_disagrees_with_coverage (test_core_overlap_pilot.PilotInputTest.test_cli_creates_no_output_when_selection_disagrees_with_coverage) ... ok
test_cli_rejects_invalid_inputs_before_creating_outputs (test_core_overlap_pilot.PilotInputTest.test_cli_rejects_invalid_inputs_before_creating_outputs) ... ok
test_complete_synthetic_input_is_accepted (test_core_overlap_pilot.PilotInputTest.test_complete_synthetic_input_is_accepted) ... ok
test_configuration_hash_must_match_every_source (test_core_overlap_pilot.PilotInputTest.test_configuration_hash_must_match_every_source) ... ok
test_configuration_is_the_frozen_design (test_core_overlap_pilot.PilotInputTest.test_configuration_is_the_frozen_design) ... ok
test_duplicate_instance_keys_are_rejected_at_unchanged_row_count (test_core_overlap_pilot.PilotInputTest.test_duplicate_instance_keys_are_rejected_at_unchanged_row_count) ... ok
test_each_input_is_read_once (test_core_overlap_pilot.PilotInputTest.test_each_input_is_read_once) ... ok
test_every_instance_requires_exactly_two_distinct_algorithm_runs (test_core_overlap_pilot.PilotInputTest.test_every_instance_requires_exactly_two_distinct_algorithm_runs) ... ok
test_feasible_status_is_not_a_failure_and_gap_is_recomputed (test_core_overlap_pilot.PilotInputTest.test_feasible_status_is_not_a_failure_and_gap_is_recomputed) ... ok
test_greedy_cannot_exceed_the_reference (test_core_overlap_pilot.PilotInputTest.test_greedy_cannot_exceed_the_reference) ... ok
test_greedy_must_be_completed_not_just_have_an_incumbent (test_core_overlap_pilot.PilotInputTest.test_greedy_must_be_completed_not_just_have_an_incumbent) ... ok
test_instance_id_cannot_identify_two_units (test_core_overlap_pilot.PilotInputTest.test_instance_id_cannot_identify_two_units) ... ok
test_linked_run_metadata_must_agree_with_its_instance (test_core_overlap_pilot.PilotInputTest.test_linked_run_metadata_must_agree_with_its_instance) ... ok
test_matching_dimensions_must_still_equal_the_fixed_design (test_core_overlap_pilot.PilotInputTest.test_matching_dimensions_must_still_equal_the_fixed_design) ... ok
test_missing_instance_and_unexpected_case_are_rejected (test_core_overlap_pilot.PilotInputTest.test_missing_instance_and_unexpected_case_are_rejected) ... ok
test_missing_seed_and_unconfigured_coupling_are_rejected (test_core_overlap_pilot.PilotInputTest.test_missing_seed_and_unconfigured_coupling_are_rejected) ... ok
test_nonoptimal_reference_is_rejected (test_core_overlap_pilot.PilotInputTest.test_nonoptimal_reference_is_rejected) ... ok
test_orphan_run_is_rejected (test_core_overlap_pilot.PilotInputTest.test_orphan_run_is_rejected) ... ok
test_pairing_does_not_depend_on_either_csv_order (test_core_overlap_pilot.PilotInputTest.test_pairing_does_not_depend_on_either_csv_order) ... ok
test_pairing_rejects_unequal_effective_seeds (test_core_overlap_pilot.PilotInputTest.test_pairing_rejects_unequal_effective_seeds) ... ok
test_positive_reference_and_matching_optimum_are_required (test_core_overlap_pilot.PilotInputTest.test_positive_reference_and_matching_optimum_are_required) ... ok
test_repetition_range_is_complete (test_core_overlap_pilot.PilotInputTest.test_repetition_range_is_complete) ... ok
test_selected_coverage_mismatch_is_rejected_for_both_algorithms (test_core_overlap_pilot.PilotInputTest.test_selected_coverage_mismatch_is_rejected_for_both_algorithms) ... ok
test_shared_but_unplanned_seed_is_rejected (test_core_overlap_pilot.PilotInputTest.test_shared_but_unplanned_seed_is_rejected) ... ok
test_structural_metrics_and_run_ids_are_checked_without_a_manifest (test_core_overlap_pilot.PilotInputTest.test_structural_metrics_and_run_ids_are_checked_without_a_manifest) ... ok
test_typed_csv_record_validation_is_not_bypassed (test_core_overlap_pilot.PilotInputTest.test_typed_csv_record_validation_is_not_bypassed) ... ok
test_chart_displays_failure_fractions_on_fixed_zero_to_one_axis (test_core_overlap_pilot.PilotStatisticsTest.test_chart_displays_failure_fractions_on_fixed_zero_to_one_axis) ... Could not save font_manager cache [Errno 13] Permission denied: 'C:\\Users\\梁道\\.matplotlib\\fontlist-v3.11.0.json.matplotlib-lock'
ok
test_equal_failure_rates_can_have_different_all_instance_mean_gaps (test_core_overlap_pilot.PilotStatisticsTest.test_equal_failure_rates_can_have_different_all_instance_mean_gaps) ... ok
test_four_cells_and_exact_two_sided_tail (test_core_overlap_pilot.PilotStatisticsTest.test_four_cells_and_exact_two_sided_tail) ... ok
test_no_discordance_including_all_zero_gaps_returns_p_one (test_core_overlap_pilot.PilotStatisticsTest.test_no_discordance_including_all_zero_gaps_returns_p_one) ... ok
test_positive_and_reversed_direction_use_the_same_two_sided_test (test_core_overlap_pilot.PilotStatisticsTest.test_positive_and_reversed_direction_use_the_same_two_sided_test) ... ok
test_structure_not_separated_takes_precedence_without_discarding_pairs (test_core_overlap_pilot.PilotStatisticsTest.test_structure_not_separated_takes_precedence_without_discarding_pairs) ... ok
test_structure_statistics_preserve_both_groups_and_paired_difference (test_core_overlap_pilot.PilotStatisticsTest.test_structure_statistics_preserve_both_groups_and_paired_difference) ... ok
test_swapping_roles_reverses_both_effects_and_preserves_p (test_core_overlap_pilot.PilotStatisticsTest.test_swapping_roles_reverses_both_effects_and_preserves_p) ... ok
test_cross_origin_simple_post_is_rejected_before_run_dispatch (test_dashboard.DashboardHttpSecurityTests.test_cross_origin_simple_post_is_rejected_before_run_dispatch) ... ok
test_different_port_is_rejected_even_when_both_are_loopback (test_dashboard.DashboardHttpSecurityTests.test_different_port_is_rejected_even_when_both_are_loopback) ... ok
test_mixed_loopback_spellings_on_same_port_are_allowed (test_dashboard.DashboardHttpSecurityTests.test_mixed_loopback_spellings_on_same_port_are_allowed) ... ok
test_non_loopback_bindings_are_rejected_before_serving (test_dashboard.DashboardHttpSecurityTests.test_non_loopback_bindings_are_rejected_before_serving) ... ok
test_non_loopback_host_is_rejected_even_when_origin_matches_it (test_dashboard.DashboardHttpSecurityTests.test_non_loopback_host_is_rejected_even_when_origin_matches_it) ... ok
test_same_origin_json_post_is_allowed (test_dashboard.DashboardHttpSecurityTests.test_same_origin_json_post_is_allowed) ... ok
test_same_origin_non_json_post_is_rejected (test_dashboard.DashboardHttpSecurityTests.test_same_origin_non_json_post_is_rejected) ... ok
test_algorithm_listing_comes_from_the_engine_registry (test_dashboard.DashboardServiceTests.test_algorithm_listing_comes_from_the_engine_registry) ... ok
test_config_listing_and_preflight_use_existing_engine (test_dashboard.DashboardServiceTests.test_config_listing_and_preflight_use_existing_engine) ... ok
test_result_and_replay_indexes_read_local_artifacts (test_dashboard.DashboardServiceTests.test_result_and_replay_indexes_read_local_artifacts) ... ok
test_run_creates_one_local_job_and_reuses_benchmark_runner (test_dashboard.DashboardServiceTests.test_run_creates_one_local_job_and_reuses_benchmark_runner) ... ok
test_run_rejects_a_config_changed_after_preflight (test_dashboard.DashboardServiceTests.test_run_rejects_a_config_changed_after_preflight) ... ok
test_user_paths_cannot_escape_config_or_results_roots (test_dashboard.DashboardServiceTests.test_user_paths_cannot_escape_config_or_results_roots) ... ok
test_actual_evidence_is_pushed_read_back_and_retry_is_idempotent (test_freeze_evidence.FreezeEvidenceTests.test_actual_evidence_is_pushed_read_back_and_retry_is_idempotent) ... ok
test_existing_batch_cannot_be_replaced (test_freeze_evidence.FreezeEvidenceTests.test_existing_batch_cannot_be_replaced) ... ok
test_invalid_paths_large_files_and_dirty_source_are_rejected (test_freeze_evidence.FreezeEvidenceTests.test_invalid_paths_large_files_and_dirty_source_are_rejected) ... ok
test_modified_prepared_payload_is_not_published (test_freeze_evidence.FreezeEvidenceTests.test_modified_prepared_payload_is_not_published) ... ok
test_upload_failure_preserves_snapshot_for_retry (test_freeze_evidence.FreezeEvidenceTests.test_upload_failure_preserves_snapshot_for_retry) ... ok
test_adversarial_optional_default_is_preserved (test_generators.GeneratorTests.test_adversarial_optional_default_is_preserved) ... ok
test_cluster_and_adversarial_boundaries_are_rejected (test_generators.GeneratorTests.test_cluster_and_adversarial_boundaries_are_rejected) ... ok
test_configuration_shape_errors_are_explicit (test_generators.GeneratorTests.test_configuration_shape_errors_are_explicit) ... ok
test_derived_generator_parameters_require_preflight_defaults (test_generators.GeneratorTests.test_derived_generator_parameters_require_preflight_defaults) ... ok
test_from_spec_does_not_mutate_input (test_generators.GeneratorTests.test_from_spec_does_not_mutate_input) ... ok
test_generator_contract_detects_wrong_family_and_seed (test_generators.GeneratorTests.test_generator_contract_detects_wrong_family_and_seed) ... ok
test_generators_produce_valid_nonempty_sets (test_generators.GeneratorTests.test_generators_produce_valid_nonempty_sets) ... ok
test_probability_boundaries_are_enforced (test_generators.GeneratorTests.test_probability_boundaries_are_enforced) ... ok
test_registry_and_direct_calls_are_equivalent (test_generators.GeneratorTests.test_registry_and_direct_calls_are_equivalent) ... ok
test_registry_keys_match_spec_names_and_results (test_generators.GeneratorTests.test_registry_keys_match_spec_names_and_results) ... ok
test_standard_dimension_boundaries_are_rejected (test_generators.GeneratorTests.test_standard_dimension_boundaries_are_rejected) ... ok
test_uniform_generator_is_deterministic (test_generators.GeneratorTests.test_uniform_generator_is_deterministic) ... ok
test_all_maximum_gain_candidates_are_retained (test_greedy_failure_paths.GreedyFailurePathTests.test_all_maximum_gain_candidates_are_retained) ... ok
test_decision_order_is_not_the_sorted_terminal_selection (test_greedy_failure_paths.GreedyFailurePathTests.test_decision_order_is_not_the_sorted_terminal_selection) ... ok
test_exact_enumeration_refuses_an_insufficient_budget (test_greedy_failure_paths.GreedyFailurePathTests.test_exact_enumeration_refuses_an_insufficient_budget) ... ok
test_fixed_mechanisms_and_exchange_outcomes (test_greedy_failure_paths.GreedyFailurePathTests.test_fixed_mechanisms_and_exchange_outcomes) ... ok
test_multiple_optima_do_not_create_a_false_failure (test_greedy_failure_paths.GreedyFailurePathTests.test_multiple_optima_do_not_create_a_false_failure) ... ok
test_partial_neighborhood_never_claims_local_optimality (test_greedy_failure_paths.GreedyFailurePathTests.test_partial_neighborhood_never_claims_local_optimality) ... ok
test_zero_optimum_has_no_relative_gap (test_greedy_failure_paths.GreedyFailurePathTests.test_zero_optimum_has_no_relative_gap) ... ok
test_benchmark_preserves_greedy_and_lazy_greedy_results (test_lazy_greedy.LazyGreedyTests.test_benchmark_preserves_greedy_and_lazy_greedy_results) ... ok
test_bundled_configuration_has_a_paired_reference_plan (test_lazy_greedy.LazyGreedyTests.test_bundled_configuration_has_a_paired_reference_plan) ... ok
test_k_equals_set_count (test_lazy_greedy.LazyGreedyTests.test_k_equals_set_count)
When k equals the number of sets, every set is selected. ... ok
test_matches_an_independent_dense_reference (test_lazy_greedy.LazyGreedyTests.test_matches_an_independent_dense_reference) ... ok
test_matches_reference_on_a_seeded_uniform_corpus (test_lazy_greedy.LazyGreedyTests.test_matches_reference_on_a_seeded_uniform_corpus) ... ok
test_metadata_and_work_accounting_are_deterministic (test_lazy_greedy.LazyGreedyTests.test_metadata_and_work_accounting_are_deterministic) ... ok
test_output_validator_accepts_lazy_without_greedy_baseline (test_lazy_greedy.LazyGreedyTests.test_output_validator_accepts_lazy_without_greedy_baseline) ... ok
test_output_validator_rejects_execution_identity_tampering (test_lazy_greedy.LazyGreedyTests.test_output_validator_rejects_execution_identity_tampering) ... ok
test_output_validator_rejects_lazy_counter_tampering (test_lazy_greedy.LazyGreedyTests.test_output_validator_rejects_lazy_counter_tampering) ... ok
test_registry_exposes_lazy_greedy_as_deterministic_without_options (test_lazy_greedy.LazyGreedyTests.test_registry_exposes_lazy_greedy_as_deterministic_without_options) ... ok
test_serial_and_parallel_metadata_are_identical (test_lazy_greedy.LazyGreedyTests.test_serial_and_parallel_metadata_are_identical)
workers=1 and workers=2 produce identical lazy_greedy metadata. ... ok
test_tie_breaking_prefers_lower_index (test_lazy_greedy.LazyGreedyTests.test_tie_breaking_prefers_lower_index)
When two sets have identical marginal gain, the lower index wins. ... ok
test_zero_and_full_coverage_instances (test_lazy_greedy.LazyGreedyTests.test_zero_and_full_coverage_instances)
Zero-gain sets and a full-coverage single step both terminate cleanly. ... ok
test_a_valid_lazy_fixture_is_accepted (test_output_validation.LazyGreedyValidatorTests.test_a_valid_lazy_fixture_is_accepted) ... ok
test_coverage_must_match_the_selected_sets (test_output_validation.LazyGreedyValidatorTests.test_coverage_must_match_the_selected_sets) ... ok
test_heap_counters_must_match_an_independent_replay (test_output_validation.LazyGreedyValidatorTests.test_heap_counters_must_match_an_independent_replay) ... ok
test_a_dropped_run_row_is_rejected (test_output_validation.OutputValidatorTests.test_a_dropped_run_row_is_rejected) ... ok
test_a_mismatched_config_hash_is_rejected (test_output_validation.OutputValidatorTests.test_a_mismatched_config_hash_is_rejected) ... ok
test_a_missing_artifact_is_rejected (test_output_validation.OutputValidatorTests.test_a_missing_artifact_is_rejected) ... ok
test_a_nonexistent_output_directory_is_rejected (test_output_validation.OutputValidatorTests.test_a_nonexistent_output_directory_is_rejected) ... ok
test_a_real_run_validates (test_output_validation.OutputValidatorTests.test_a_real_run_validates) ... ok
test_a_truncated_csv_is_rejected (test_output_validation.OutputValidatorTests.test_a_truncated_csv_is_rejected) ... ok
test_a_wrong_coverage_value_is_rejected (test_output_validation.OutputValidatorTests.test_a_wrong_coverage_value_is_rejected) ... ok
test_an_empty_output_directory_is_rejected (test_output_validation.OutputValidatorTests.test_an_empty_output_directory_is_rejected) ... ok
test_duplicate_run_identity_is_rejected_without_changing_row_count (test_output_validation.OutputValidatorTests.test_duplicate_run_identity_is_rejected_without_changing_row_count) ... ok
test_reference_coverage_is_recomputed (test_output_validation.OutputValidatorTests.test_reference_coverage_is_recomputed) ... ok
test_reference_missingness_chart_is_recomputed (test_output_validation.OutputValidatorTests.test_reference_missingness_chart_is_recomputed) ... ok
test_report_rewrite_does_not_hide_chart_corruption (test_output_validation.OutputValidatorTests.test_report_rewrite_does_not_hide_chart_corruption) ... ok
test_runtime_chart_tampering_is_rejected (test_output_validation.OutputValidatorTests.test_runtime_chart_tampering_is_rejected) ... ok
test_baseline_matches_brute_force_on_200_random_instances (test_p3_algorithms.BranchAndBoundMetricTests.test_baseline_matches_brute_force_on_200_random_instances) ... ok
test_baseline_metric_counts_on_hand_checked_instance (test_p3_algorithms.BranchAndBoundMetricTests.test_baseline_metric_counts_on_hand_checked_instance) ... ok
test_cardinality_prunes_are_counted_separately (test_p3_algorithms.BranchAndBoundMetricTests.test_cardinality_prunes_are_counted_separately) ... ok
test_edge_cases_and_all_ablation_options_remain_exact (test_p3_algorithms.EnhancedBranchAndBoundTests.test_edge_cases_and_all_ablation_options_remain_exact) ... ok
test_enhanced_matches_both_exact_methods_on_500_random_instances (test_p3_algorithms.EnhancedBranchAndBoundTests.test_enhanced_matches_both_exact_methods_on_500_random_instances) ... ok
test_preprocessing_preserves_original_indices (test_p3_algorithms.EnhancedBranchAndBoundTests.test_preprocessing_preserves_original_indices) ... ok
test_timeout_never_claims_an_optimum (test_p3_algorithms.EnhancedBranchAndBoundTests.test_timeout_never_claims_an_optimum) ... ok
test_both_randomized_algorithms_replay_ten_distinct_runs (test_p3_algorithms.MultiStartLocalSearchTests.test_both_randomized_algorithms_replay_ten_distinct_runs) ... ok
test_iteration_budget_replays_and_trajectory_has_no_time (test_p3_algorithms.MultiStartLocalSearchTests.test_iteration_budget_replays_and_trajectory_has_no_time) ... ok
test_more_restarts_never_reduce_coverage_without_timeout (test_p3_algorithms.MultiStartLocalSearchTests.test_more_restarts_never_reduce_coverage_without_timeout) ... ok
test_time_limit_returns_a_valid_incumbent (test_p3_algorithms.MultiStartLocalSearchTests.test_time_limit_returns_a_valid_incumbent) ... ok
test_zero_restarts_matches_existing_local_search (test_p3_algorithms.MultiStartLocalSearchTests.test_zero_restarts_matches_existing_local_search) ... ok
test_rcl_one_matches_greedy_item_for_item (test_p3_algorithms.RandomizedGreedyTests.test_rcl_one_matches_greedy_item_for_item) ... ok
test_seeded_replay_and_trajectory_are_stable (test_p3_algorithms.RandomizedGreedyTests.test_seeded_replay_and_trajectory_are_stable) ... ok
test_zero_marginal_gain_still_fills_the_budget (test_p3_algorithms.RandomizedGreedyTests.test_zero_marginal_gain_still_fills_the_budget) ... ok
test_bundled_bnb_ablation_plan_has_five_variants_and_80_instances (test_p3_analysis.P3AnalysisTests.test_bundled_bnb_ablation_plan_has_five_variants_and_80_instances) ... ok
test_bundled_multi_start_plan_has_restart_matrix (test_p3_analysis.P3AnalysisTests.test_bundled_multi_start_plan_has_restart_matrix) ... ok
test_bundled_randomized_plan_registers_1200_seeded_runs (test_p3_analysis.P3AnalysisTests.test_bundled_randomized_plan_registers_1200_seeded_runs) ... ok
test_paired_search_comparison_is_generated (test_p3_analysis.P3AnalysisTests.test_paired_search_comparison_is_generated) ... ok
test_stochastic_summary_and_parallel_replay_are_deterministic (test_p3_analysis.P3AnalysisTests.test_stochastic_summary_and_parallel_replay_are_deterministic) ... ok
test_algorithm_options_preserve_common_fields_and_generic_values (test_p3_contracts.P3ContractTests.test_algorithm_options_preserve_common_fields_and_generic_values) ... ok
test_config_v3_accepts_ids_and_validates_seed_arrays (test_p3_contracts.P3ContractTests.test_config_v3_accepts_ids_and_validates_seed_arrays) ... ok
test_record_v3_rows_migrate_to_v4_metadata_defaults (test_p3_contracts.P3ContractTests.test_record_v3_rows_migrate_to_v4_metadata_defaults) ... ok
test_seeded_execution_expands_ids_records_and_resume (test_p3_contracts.P3ContractTests.test_seeded_execution_expands_ids_records_and_resume) ... ok
test_solution_metadata_uses_shared_envelope_and_rejects_nan (test_p3_contracts.P3ContractTests.test_solution_metadata_uses_shared_envelope_and_rejects_nan) ... ok
test_direct_call_without_optional_dependency_is_explicit (test_p3_oracle.OptionalOracleTests.test_direct_call_without_optional_dependency_is_explicit) ... ok
test_enabled_oracle_has_clear_preflight_install_hint (test_p3_oracle.OptionalOracleTests.test_enabled_oracle_has_clear_preflight_install_hint) ... ok
test_oracle_matches_branch_and_bound_on_200_random_instances (test_p3_oracle.OptionalOracleTests.test_oracle_matches_branch_and_bound_on_200_random_instances) ... skipped 'requires optional OR-Tools dependency'
test_standard_import_does_not_import_ortools (test_p3_oracle.OptionalOracleTests.test_standard_import_does_not_import_ortools) ... ok
test_status_mapping_covers_all_cp_sat_outcomes (test_p3_oracle.OptionalOracleTests.test_status_mapping_covers_all_cp_sat_outcomes) ... ok
test_main_ci_grid (test_p4_adversarial.AdversarialSeverityConstructionTests.test_main_ci_grid) ... ok
test_potential_rankings_are_shared_and_projection_is_exact (test_p4_adversarial.AdversarialSeverityConstructionTests.test_potential_rankings_are_shared_and_projection_is_exact) ... ok
test_sha_smallest_500_exact_cross_check (test_p4_adversarial.AdversarialSeverityConstructionTests.test_sha_smallest_500_exact_cross_check) ... ok
test_certificate_rejects_timeout_bound_below_known_optimum (test_p4_adversarial.AdversarialSeverityIntegrationTests.test_certificate_rejects_timeout_bound_below_known_optimum) ... ok
test_certificate_supplies_timeout_reference_and_rejects_conflict (test_p4_adversarial.AdversarialSeverityIntegrationTests.test_certificate_supplies_timeout_reference_and_rejects_conflict) ... ok
test_certificate_validator_rechecks_proof_and_selected_sets (test_p4_adversarial.AdversarialSeverityIntegrationTests.test_certificate_validator_rechecks_proof_and_selected_sets) ... ok
test_certificate_validator_rejects_non_integer_fields (test_p4_adversarial.AdversarialSeverityIntegrationTests.test_certificate_validator_rejects_non_integer_fields) ... ok
test_coupling_certificates_and_four_classifications_round_trip (test_p4_adversarial.AdversarialSeverityIntegrationTests.test_coupling_certificates_and_four_classifications_round_trip) ... ok
test_instance_record_rejects_non_integer_construction_version (test_p4_adversarial.AdversarialSeverityIntegrationTests.test_instance_record_rejects_non_integer_construction_version) ... ok
test_planned_v2_instances_reproduce_through_case_generator (test_p4_adversarial.AdversarialSeverityIntegrationTests.test_planned_v2_instances_reproduce_through_case_generator) ... ok
test_preflight_rejects_version_and_trap_errors_at_exact_paths (test_p4_adversarial.AdversarialSeverityIntegrationTests.test_preflight_rejects_version_and_trap_errors_at_exact_paths) ... ok
test_scan_config_has_three_blocks_and_four_severities_each (test_p4_adversarial.AdversarialSeverityIntegrationTests.test_scan_config_has_three_blocks_and_four_severities_each) ... ok
test_frozen_quick_instances_and_run_ids_remain_exact (test_p4_adversarial.LegacyAdversarialCompatibilityTests.test_frozen_quick_instances_and_run_ids_remain_exact) ... ok
test_legacy_default_distractor_count_does_not_add_version (test_p4_adversarial.LegacyAdversarialCompatibilityTests.test_legacy_default_distractor_count_does_not_add_version) ... ok
test_each_failed_seed_gets_a_run_id_named_replay (test_p4_instances.InstanceOutputTests.test_each_failed_seed_gets_a_run_id_named_replay) ... ok
test_force_cleans_only_runner_owned_artifacts (test_p4_instances.InstanceOutputTests.test_force_cleans_only_runner_owned_artifacts) ... ok
test_instances_are_identical_across_parallelism_and_resume (test_p4_instances.InstanceOutputTests.test_instances_are_identical_across_parallelism_and_resume) ... ok
test_instances_csv_round_trips_and_links_every_raw_row (test_p4_instances.InstanceOutputTests.test_instances_csv_round_trips_and_links_every_raw_row) ... ok
test_instances_exist_even_when_no_algorithm_is_eligible (test_p4_instances.InstanceOutputTests.test_instances_exist_even_when_no_algorithm_is_eligible) ... ok
test_repetitions_above_seed_stride_are_rejected_at_exact_path (test_p4_instances.InstancePreflightTests.test_repetitions_above_seed_stride_are_rejected_at_exact_path) ... ok
test_seed_stride_boundary_keeps_adjacent_equal_cases_distinct (test_p4_instances.InstancePreflightTests.test_seed_stride_boundary_keeps_adjacent_equal_cases_distinct) ... ok
test_all_family_configs_parse_and_include_control_plus_three_levels (test_p4_new_families.P43ConfigurationAndPairingTests.test_all_family_configs_parse_and_include_control_plus_three_levels) ... ok
test_bnb_ablations_change_exactly_one_structural_option (test_p4_new_families.P43ConfigurationAndPairingTests.test_bnb_ablations_change_exactly_one_structural_option) ... ok
test_disjoint_anchor_proof_is_rejected_for_other_families (test_p4_new_families.P43ConfigurationAndPairingTests.test_disjoint_anchor_proof_is_rejected_for_other_families) ... ok
test_fixed_size_controls_share_coupling_and_element_draws (test_p4_new_families.P43ConfigurationAndPairingTests.test_fixed_size_controls_share_coupling_and_element_draws) ... ok
test_independent_scan_blocks_have_distinct_coupling_identities (test_p4_new_families.P43ConfigurationAndPairingTests.test_independent_scan_blocks_have_distinct_coupling_identities) ... ok
test_instance_records_freeze_p4_3_provenance_and_round_trip (test_p4_new_families.P43ConfigurationAndPairingTests.test_instance_records_freeze_p4_3_provenance_and_round_trip) ... ok
test_instance_records_reject_invalid_p4_3_parameters (test_p4_new_families.P43ConfigurationAndPairingTests.test_instance_records_reject_invalid_p4_3_parameters) ... ok
test_mixed_cluster_record_accepts_only_referenced_small_clusters (test_p4_new_families.P43ConfigurationAndPairingTests.test_mixed_cluster_record_accepts_only_referenced_small_clusters) ... ok
test_paired_configs_share_coupling_keys_and_frozen_base_randomness (test_p4_new_families.P43ConfigurationAndPairingTests.test_paired_configs_share_coupling_keys_and_frozen_base_randomness) ... ok
test_paired_uniform_control_requires_one_matching_fixed_case (test_p4_new_families.P43ConfigurationAndPairingTests.test_paired_uniform_control_requires_one_matching_fixed_case) ... ok
test_unique_fixed_size_record_requires_unique_measured_sets (test_p4_new_families.P43ConfigurationAndPairingTests.test_unique_fixed_size_record_requires_unique_measured_sets) ... ok
test_dominated_known_optimum_is_the_disjoint_anchor_value (test_p4_new_families.P43GeneratorInvariantTests.test_dominated_known_optimum_is_the_disjoint_anchor_value) ... ok
test_duplicate_optimum_equals_its_unique_base_optimum (test_p4_new_families.P43GeneratorInvariantTests.test_duplicate_optimum_equals_its_unique_base_optimum) ... ok
test_fixed_size_follows_frozen_sampling_and_combinadic_contract (test_p4_new_families.P43GeneratorInvariantTests.test_fixed_size_follows_frozen_sampling_and_combinadic_contract) ... ok
test_long_tail_follows_frozen_paired_exponential_race_contract (test_p4_new_families.P43GeneratorInvariantTests.test_long_tail_follows_frozen_paired_exponential_race_contract) ... ok
test_positive_gamma_increases_aggregate_coverage_skew (test_p4_new_families.P43GeneratorInvariantTests.test_positive_gamma_increases_aggregate_coverage_skew) ... ok
test_seeded_qa_corpus_is_deterministic_and_satisfies_hard_invariants (test_p4_new_families.P43GeneratorInvariantTests.test_seeded_qa_corpus_is_deterministic_and_satisfies_hard_invariants) ... ok
test_cross_parameter_capacity_errors_are_rejected (test_p4_new_families.P43PreflightAndExactnessTests.test_cross_parameter_capacity_errors_are_rejected) ... ok
test_cross_parameter_capacity_errors_have_parameter_paths (test_p4_new_families.P43PreflightAndExactnessTests.test_cross_parameter_capacity_errors_have_parameter_paths) ... ok
test_dominated_child_stream_is_nested_across_sampling_thresholds (test_p4_new_families.P43PreflightAndExactnessTests.test_dominated_child_stream_is_nested_across_sampling_thresholds) ... ok
test_invalid_parameters_and_boolean_substitutes_report_exact_paths (test_p4_new_families.P43PreflightAndExactnessTests.test_invalid_parameters_and_boolean_substitutes_report_exact_paths) ... ok
test_mixed_cluster_accepts_all_bridge_capacity_without_specialists (test_p4_new_families.P43PreflightAndExactnessTests.test_mixed_cluster_accepts_all_bridge_capacity_without_specialists) ... ok
test_small_instances_have_zero_exact_algorithm_disagreement (test_p4_new_families.P43PreflightAndExactnessTests.test_small_instances_have_zero_exact_algorithm_disagreement) ... ok
test_csv_round_trip (test_paired_seed_analysis.CsvRoundTripTest.test_csv_round_trip) ... ok
test_instance_csv_round_trip (test_paired_seed_analysis.CsvRoundTripTest.test_instance_csv_round_trip) ... ok
test_absent_instance_pairs_are_rejected (test_paired_seed_analysis.EffectiveCouplingTest.test_absent_instance_pairs_are_rejected) ... ok
test_missing_effective_seed_is_rejected (test_paired_seed_analysis.EffectiveCouplingTest.test_missing_effective_seed_is_rejected) ... ok
test_paired_scheme_accepts_sharing_effective_coupling_seed (test_paired_seed_analysis.EffectiveCouplingTest.test_paired_scheme_accepts_sharing_effective_coupling_seed) ... ok
test_paired_scheme_rejects_unequal_effective_coupling_seed (test_paired_seed_analysis.EffectiveCouplingTest.test_paired_scheme_rejects_unequal_effective_coupling_seed) ... ok
test_partial_instance_pairs_are_rejected (test_paired_seed_analysis.EffectiveCouplingTest.test_partial_instance_pairs_are_rejected) ... ok
test_shared_coupling_accepts_distinct_instance_seeds (test_paired_seed_analysis.EffectiveCouplingTest.test_shared_coupling_accepts_distinct_instance_seeds) ... ok
test_unpaired_scheme_rejects_shared_effective_seed (test_paired_seed_analysis.EffectiveCouplingTest.test_unpaired_scheme_rejects_shared_effective_seed) ... ok
test_dimension_mismatch_is_rejected (test_paired_seed_analysis.PairingInvarianceTest.test_dimension_mismatch_is_rejected) ... ok
test_missing_shared_seed_is_rejected (test_paired_seed_analysis.PairingInvarianceTest.test_missing_shared_seed_is_rejected) ... ok
test_multiple_runs_per_unit_are_rejected (test_paired_seed_analysis.PairingInvarianceTest.test_multiple_runs_per_unit_are_rejected) ... ok
test_unmatched_control_is_rejected (test_paired_seed_analysis.PairingInvarianceTest.test_unmatched_control_is_rejected) ... ok
test_cli_checks_configurations_before_writing_comparisons (test_paired_seed_analysis.PlannedPairingTests.test_cli_checks_configurations_before_writing_comparisons) ... ok
test_coordinated_coverage_gap_edits_still_fail_selected_set_check (test_paired_seed_analysis.PlannedPairingTests.test_coordinated_coverage_gap_edits_still_fail_selected_set_check) ... ok
test_coordinated_optimum_gap_edit_is_rejected (test_paired_seed_analysis.PlannedPairingTests.test_coordinated_optimum_gap_edit_is_rejected) ... ok
test_duplicate_and_missing_planned_runs_are_rejected (test_paired_seed_analysis.PlannedPairingTests.test_duplicate_and_missing_planned_runs_are_rejected) ... ok
test_instance_table_must_match_the_configured_generation (test_paired_seed_analysis.PlannedPairingTests.test_instance_table_must_match_the_configured_generation) ... ok
test_invalid_cli_inputs_preserve_legacy_analysis_metadata (test_paired_seed_analysis.PlannedPairingTests.test_invalid_cli_inputs_preserve_legacy_analysis_metadata) ... ok
test_present_error_record_is_distinct_from_a_missing_run (test_paired_seed_analysis.PlannedPairingTests.test_present_error_record_is_distinct_from_a_missing_run) ... ok
test_real_complete_inputs_and_reordered_rows_are_accepted (test_paired_seed_analysis.PlannedPairingTests.test_real_complete_inputs_and_reordered_rows_are_accepted) ... ok
test_run_identity_and_algorithm_metadata_match_the_plan (test_paired_seed_analysis.PlannedPairingTests.test_run_identity_and_algorithm_metadata_match_the_plan) ... ok
test_unavailable_reference_stays_unknown (test_paired_seed_analysis.PlannedPairingTests.test_unavailable_reference_stays_unknown) ... ok
test_missing_metric_rows_are_counted (test_paired_seed_analysis.VarianceComparisonTest.test_missing_metric_rows_are_counted) ... ok
test_optimality_gap_metric_uses_gap_values (test_paired_seed_analysis.VarianceComparisonTest.test_optimality_gap_metric_uses_gap_values) ... ok
test_runs_must_match_their_instance_rows (test_paired_seed_analysis.VarianceComparisonTest.test_runs_must_match_their_instance_rows) ... ok
test_shared_seed_pairing_cuts_variance (test_paired_seed_analysis.VarianceComparisonTest.test_shared_seed_pairing_cuts_variance) ... ok
test_summary_of_empty_series_is_empty (test_paired_seed_analysis.VarianceComparisonTest.test_summary_of_empty_series_is_empty) ... ok
test_changed_configuration_is_rejected_before_generation (test_r1c_confirmation.R1cInputTests.test_changed_configuration_is_rejected_before_generation) ... ok
test_complete_preflight_binds_pairs_and_run_ids (test_r1c_confirmation.R1cInputTests.test_complete_preflight_binds_pairs_and_run_ids) ... ok
test_false_greedy_optimal_status_and_bound_are_rejected (test_r1c_confirmation.R1cInputTests.test_false_greedy_optimal_status_and_bound_are_rejected) ... ok
test_formal_identity_is_recognized_without_materializing_samples (test_r1c_confirmation.R1cInputTests.test_formal_identity_is_recognized_without_materializing_samples) ... ok
test_invalid_cli_inputs_report_failure_without_a_traceback (test_r1c_confirmation.R1cInputTests.test_invalid_cli_inputs_report_failure_without_a_traceback) ... ok
test_missing_or_duplicate_instance_cannot_shrink_the_sample (test_r1c_confirmation.R1cInputTests.test_missing_or_duplicate_instance_cannot_shrink_the_sample) ... ok
test_partial_budget_or_failed_verification_never_publishes_output (test_r1c_confirmation.R1cInputTests.test_partial_budget_or_failed_verification_never_publishes_output) ... ok
test_run_id_seed_options_and_reference_state_are_bound (test_r1c_confirmation.R1cInputTests.test_run_id_seed_options_and_reference_state_are_bound) ... ok
test_self_consistent_but_false_optimum_is_rejected_by_enumeration (test_r1c_confirmation.R1cInputTests.test_self_consistent_but_false_optimum_is_rejected_by_enumeration) ... ok
test_valid_chain_and_invalid_outputs (test_r1c_confirmation.R1cInputTests.test_valid_chain_and_invalid_outputs) ... ok
test_direction_and_precision_are_distinct_outputs (test_r1c_confirmation.R1cStatisticsTests.test_direction_and_precision_are_distinct_outputs) ... ok
test_gap_denominator_and_recovery_keep_successes_and_zero_optima_distinct (test_r1c_confirmation.R1cStatisticsTests.test_gap_denominator_and_recovery_keep_successes_and_zero_optima_distinct) ... ok
test_zero_and_all_events_have_exact_boundary_intervals (test_r1c_confirmation.R1cStatisticsTests.test_zero_and_all_events_have_exact_boundary_intervals) ... ok
test_zero_failure_denominators_are_not_zero_estimates (test_r1c_confirmation.R1cStatisticsTests.test_zero_failure_denominators_are_not_zero_estimates) ... ok
test_external_data_remains_an_absolute_executable_path (test_r1c_report.R1cReportPathTests.test_external_data_remains_an_absolute_executable_path) ... ok
test_nested_data_paths_resolve_from_repository_not_report_directory (test_r1c_report.R1cReportPathTests.test_nested_data_paths_resolve_from_repository_not_report_directory) ... ok
test_complete_graph_and_corrupt_inputs (test_r2_budget_grid.R2BudgetTests.test_complete_graph_and_corrupt_inputs) ... ok
test_exactly_k_canonical_witnesses_and_duplicate_sets (test_r2_budget_grid.R2BudgetTests.test_exactly_k_canonical_witnesses_and_duplicate_sets) ... ok
test_incomplete_and_mismatched_designs_rejected (test_r2_budget_grid.R2BudgetTests.test_incomplete_and_mismatched_designs_rejected) ... ok
test_metric_denominators_and_bootstrap_unit (test_r2_budget_grid.R2BudgetTests.test_metric_denominators_and_bootstrap_unit) ... ok
test_preflight_must_measure_all_diagnostics (test_r2_budget_grid.R2BudgetTests.test_preflight_must_measure_all_diagnostics) ... ok
test_resource_limits_and_recovery_budget (test_r2_budget_grid.R2BudgetTests.test_resource_limits_and_recovery_budget) ... ok
CI profile: full; test result
family | algorithm | metric | n(p) | n(u) | mean(p) | mean(u) | stddev(p) | stddev(u) | variance ratio
high_overlap | brute_force | coverage | 2 | 2 | -4 | -2 | 1.41421 | 0 | n/a
high_overlap | brute_force | optimality_gap | 2 | 2 | 0 | 0 | 0 | 0 | n/a
high_overlap | greedy | coverage | 2 | 2 | -4 | -2 | 1.41421 | 0 | n/a
high_overlap | greedy | optimality_gap | 2 | 2 | 0 | 0 | 0 | 0 | n/a
Comparison written to C:\Users\梁道\AppData\Local\Temp\tmpyb3586_3\analysis\comparison.csv
R2 computed 3/3
test_resume_and_independent_reconstruction (test_r2_budget_grid.R2BudgetTests.test_resume_and_independent_reconstruction) ... ok
test_csv_schema_is_stable_and_version_is_last (test_records.RecordContractTests.test_csv_schema_is_stable_and_version_is_last) ... ok
test_records_and_benchmark_result_are_immutable (test_records.RecordContractTests.test_records_and_benchmark_result_are_immutable) ... ok
test_run_record_rejects_malformed_csv_contracts (test_records.RecordContractTests.test_run_record_rejects_malformed_csv_contracts) ... ok
test_run_record_round_trips_every_status_through_csv (test_records.RecordContractTests.test_run_record_round_trips_every_status_through_csv) ... ok
test_summary_allows_insignificant_floating_point_drift (test_records.RecordContractTests.test_summary_allows_insignificant_floating_point_drift) ... ok
test_summary_records_round_trip_with_values_and_blanks (test_records.RecordContractTests.test_summary_records_round_trip_with_values_and_blanks) ... ok
test_all_generated_instances_remain_in_status_coverage_and_bias (test_reference_coverage.ReferenceCoverageTests.test_all_generated_instances_remain_in_status_coverage_and_bias) ... ok
test_certificate_is_an_explicit_reference_status_without_exact_solver (test_reference_coverage.ReferenceCoverageTests.test_certificate_is_an_explicit_reference_status_without_exact_solver) ... ok
test_feasible_precedes_timeout_in_the_effective_missing_status (test_reference_coverage.ReferenceCoverageTests.test_feasible_precedes_timeout_in_the_effective_missing_status) ... ok
test_reference_records_round_trip_through_the_public_contract (test_reference_coverage.ReferenceCoverageTests.test_reference_records_round_trip_through_the_public_contract) ... ok
test_set_count_cutoff_is_not_silently_dropped (test_reference_coverage.ReferenceCoverageTests.test_set_count_cutoff_is_not_silently_dropped) ... ok
test_small_brute_force_and_bnb_agreement_is_recorded (test_reference_coverage.ReferenceCoverageTests.test_small_brute_force_and_bnb_agreement_is_recorded) ... ok
test_complete_report_preserves_sections_files_and_inputs (test_reporting.ReportingTests.test_complete_report_preserves_sections_files_and_inputs) ... ok
test_empty_inputs_keep_the_report_structure_and_valid_charts (test_reporting.ReportingTests.test_empty_inputs_keep_the_report_structure_and_valid_charts) ... ok
test_internal_report_modules_do_not_import_the_facade (test_reporting.ReportingTests.test_internal_report_modules_do_not_import_the_facade) ... ok
test_missing_reference_constant_and_deferred_inputs_render (test_reporting.ReportingTests.test_missing_reference_constant_and_deferred_inputs_render) ... ok
test_force_reruns_completed_ids (test_reproducibility.ReproducibilityTests.test_force_reruns_completed_ids) ... ok
test_instance_id_is_stable_across_processes (test_reproducibility.ReproducibilityTests.test_instance_id_is_stable_across_processes) ... ok
test_instance_json_round_trips_elements_and_bitsets (test_reproducibility.ReproducibilityTests.test_instance_json_round_trips_elements_and_bitsets) ... ok
test_instance_resource_limits_allow_compatibility_boundaries (test_reproducibility.ReproducibilityTests.test_instance_resource_limits_allow_compatibility_boundaries) ... ok
test_instance_resource_limits_reject_before_expensive_operations (test_reproducibility.ReproducibilityTests.test_instance_resource_limits_reject_before_expensive_operations) ... ok
test_interruption_checkpoints_and_resume_skips_completed_run_ids (test_reproducibility.ReproducibilityTests.test_interruption_checkpoints_and_resume_skips_completed_run_ids) ... ok
test_invalid_resume_keeps_legacy_manifest_and_existing_data (test_reproducibility.ReproducibilityTests.test_invalid_resume_keeps_legacy_manifest_and_existing_data) ... ok
test_partial_resume_removes_legacy_manifest_and_only_runs_missing_tasks (test_reproducibility.ReproducibilityTests.test_partial_resume_removes_legacy_manifest_and_only_runs_missing_tasks) ... ok
test_spawn_parallelism_preserves_order_ids_and_objective_values (test_reproducibility.ReproducibilityTests.test_spawn_parallelism_preserves_order_ids_and_objective_values) ... ok
test_summarize_removes_legacy_manifest_without_rerunning_algorithms (test_reproducibility.ReproducibilityTests.test_summarize_removes_legacy_manifest_without_rerunning_algorithms) ... ok
test_timeout_is_exported_and_replays_without_generator (test_reproducibility.ReproducibilityTests.test_timeout_is_exported_and_replays_without_generator) ... ok
test_false_r1_optimum_is_rejected (test_research_verification.ResearchVerificationTests.test_false_r1_optimum_is_rejected) ... ok
test_saved_r1_evidence_recomputes_without_producer (test_research_verification.ResearchVerificationTests.test_saved_r1_evidence_recomputes_without_producer) ... ok
test_compatibility_properties_are_derived_from_status (test_solution_status.SolutionStatusTests.test_compatibility_properties_are_derived_from_status) ... ok
test_error_status_cannot_claim_an_incumbent_or_bound (test_solution_status.SolutionStatusTests.test_error_status_cannot_claim_an_incumbent_or_bound) ... ok
test_non_error_status_requires_an_incumbent (test_solution_status.SolutionStatusTests.test_non_error_status_requires_an_incumbent) ... ok
test_non_optimal_bound_must_leave_a_positive_gap (test_solution_status.SolutionStatusTests.test_non_optimal_bound_must_leave_a_positive_gap) ... ok
test_optimal_status_requires_a_closed_bound (test_solution_status.SolutionStatusTests.test_optimal_status_requires_a_closed_bound) ... ok
test_adversarial_bait_and_certificate_are_verified_for_every_instance (test_stressor_audit.CanonicalGeneratorIsolationAuditTests.test_adversarial_bait_and_certificate_are_verified_for_every_instance) ... ok
test_every_requested_family_has_an_audited_scan (test_stressor_audit.CanonicalGeneratorIsolationAuditTests.test_every_requested_family_has_an_audited_scan) ... ok
test_non_target_metrics_and_matched_uniform_controls_are_reported (test_stressor_audit.CanonicalGeneratorIsolationAuditTests.test_non_target_metrics_and_matched_uniform_controls_are_reported) ... ok
test_numeric_equivalent_levels_cannot_make_strict_mode_falsely_green (test_stressor_audit.CanonicalGeneratorIsolationAuditTests.test_numeric_equivalent_levels_cannot_make_strict_mode_falsely_green) ... ok
test_report_round_trips_as_json_and_strict_mode_detects_failures (test_stressor_audit.CanonicalGeneratorIsolationAuditTests.test_report_round_trips_as_json_and_strict_mode_detects_failures) ... ok
test_reverse_checks_expose_current_dimension_confounders (test_stressor_audit.CanonicalGeneratorIsolationAuditTests.test_reverse_checks_expose_current_dimension_confounders) ... ok
test_targets_change_monotonically_when_the_parameter_is_an_intensity (test_stressor_audit.CanonicalGeneratorIsolationAuditTests.test_targets_change_monotonically_when_the_parameter_is_an_intensity) ... ok
test_empty_pair_domain_is_explicit (test_stressor_audit.SupplementaryStressorMetricTests.test_empty_pair_domain_is_explicit) ... ok
test_hand_checked_overlap_concentration_and_cluster_separation (test_stressor_audit.SupplementaryStressorMetricTests.test_hand_checked_overlap_concentration_and_cluster_separation) ... ok
test_hand_checked_nested_fixture_and_boundaries (test_structure.StructureMetricTests.test_hand_checked_nested_fixture_and_boundaries) ... ok
test_instance_inputs_are_defensively_frozen_and_pickle_safe (test_structure.StructureMetricTests.test_instance_inputs_are_defensively_frozen_and_pickle_safe) ... ok
test_preprocessing_metrics_match_exact_search_on_500_structured_instances (test_structure.StructureMetricTests.test_preprocessing_metrics_match_exact_search_on_500_structured_instances) ... ok
test_random_reference_corpus_and_permutation_invariance (test_structure.StructureMetricTests.test_random_reference_corpus_and_permutation_invariance) ... ok
test_benchmark_uses_case_id_and_preserves_deterministic_seeds (test_sweeps.SweepTests.test_benchmark_uses_case_id_and_preserves_deterministic_seeds) ... ok
test_bundled_sweep_examples_cover_required_dimensions (test_sweeps.SweepTests.test_bundled_sweep_examples_cover_required_dimensions) ... ok
test_cli_dry_run_does_not_run_algorithms_or_create_output (test_sweeps.SweepTests.test_cli_dry_run_does_not_run_algorithms_or_create_output) ... ok
test_expanded_case_id_collisions_are_rejected (test_sweeps.SweepTests.test_expanded_case_id_collisions_are_rejected) ... ok
test_multi_parameter_sweep_is_a_stable_cartesian_product (test_sweeps.SweepTests.test_multi_parameter_sweep_is_a_stable_cartesian_product) ... ok
test_plan_counts_expanded_instances_and_eligible_runs (test_sweeps.SweepTests.test_plan_counts_expanded_instances_and_eligible_runs) ... ok
test_single_parameter_sweep_expands_readable_case_ids (test_sweeps.SweepTests.test_single_parameter_sweep_expands_readable_case_ids) ... ok
test_sweep_rejects_invalid_shapes_and_duplicate_fixed_fields (test_sweeps.SweepTests.test_sweep_rejects_invalid_shapes_and_duplicate_fixed_fields) ... ok
test_sweep_semantics_report_the_exact_value_path (test_sweeps.SweepTests.test_sweep_semantics_report_the_exact_value_path) ... ok
test_the_packaging_and_runtime_versions_agree (test_version_consistency.VersionConsistencyTests.test_the_packaging_and_runtime_versions_agree) ... ok
test_the_version_is_a_well_formed_release_version (test_version_consistency.VersionConsistencyTests.test_the_version_is_a_well_formed_release_version) ... ok
test_the_version_is_not_a_placeholder (test_version_consistency.VersionConsistencyTests.test_the_version_is_not_a_placeholder) ... ok

----------------------------------------------------------------------
Ran 379 tests in 98.498s

OK (skipped=1)
Success: no issues found in 38 source files
