R4 produced 1/2
R4 produced 2/2
usage: python.exe -m unittest [-h] --source SOURCE --output OUTPUT
                              [--config CONFIG] [--resume]
                              {preflight,run,analyze,freeze}
python.exe -m unittest: error: run requires --config
usage: python.exe -m unittest [-h] --output OUTPUT [--source SOURCE]
                              [--summaries-only]
python.exe -m unittest: error: R4 mismatch: complete budget records
{'status': 'passed', 'graph_count': 2}
{'graphs': 2, 'budget_rows': 10, 'cells': 5}
R4 produced 1/1
R4 produced 1/2
R4 produced 2/2
R4 produced 1/3
R4 produced 2/3
R4 produced 3/3
----------------------------------------------------------------------
Ran 9 tests in 0.532s

OK
